[retrina.com/demo/arshia/pilling-parallax/flat-colorfull.html]
[backblue.gif]
[fade.gif]
[index.html]
[external.html]
[retrina.com/demo/arshia/pilling-parallax/assets/img/favicon.ico]
[retrina.com/demo/arshia/pilling-parallax/assets/css/plugins.css]
[retrina.com/demo/arshia/pilling-parallax/assets/css/color/green-color.css]
[retrina.com/demo/arshia/pilling-parallax/assets/css/main.css]
[retrina.com/demo/arshia/pilling-parallax/assets/css/color/colorfull-main.css]
[retrina.com/demo/arshia/pilling-parallax/assets/img/portfolio-01.jpg]
[retrina.com/demo/arshia/pilling-parallax/assets/img/blog-08.jpg]
[retrina.com/demo/arshia/pilling-parallax/assets/img/element_square.png]
[retrina.com/demo/arshia/pilling-parallax/assets/img/personal-image-05.jpg]
[retrina.com/demo/arshia/pilling-parallax/assets/img/about-01.jpg]
[retrina.com/demo/arshia/pilling-parallax/assets/img/folder.svg]
[retrina.com/demo/arshia/pilling-parallax/assets/img/project.svg]
[retrina.com/demo/arshia/pilling-parallax/assets/img/medal.svg]
[retrina.com/demo/arshia/pilling-parallax/assets/img/happy.svg]
[retrina.com/demo/arshia/pilling-parallax/assets/img/idea.svg]
[retrina.com/demo/arshia/pilling-parallax/assets/img/support.svg]
[retrina.com/demo/arshia/pilling-parallax/assets/img/responsive-design.svg]
[retrina.com/demo/arshia/pilling-parallax/assets/img/unlimited.svg]
[retrina.com/demo/arshia/pilling-parallax/assets/img/premium-service.svg]
[retrina.com/demo/arshia/pilling-parallax/assets/img/portfolio-02.jpg]
[retrina.com/demo/arshia/pilling-parallax/assets/img/portfolio-03.jpg]
[retrina.com/demo/arshia/pilling-parallax/assets/img/portfolio-04.jpg]
[retrina.com/demo/arshia/pilling-parallax/assets/img/portfolio-05.jpg]
[retrina.com/demo/arshia/pilling-parallax/assets/img/portfolio-06.jpg]
[retrina.com/demo/arshia/pilling-parallax/assets/img/portfolio-07.jpg]
[retrina.com/demo/arshia/pilling-parallax/assets/img/portfolio-08.jpg]
[retrina.com/demo/arshia/pilling-parallax/assets/img/portfolio-09.jpg]
[retrina.com/demo/arshia/pilling-parallax/assets/img/man.png]
[retrina.com/demo/arshia/pilling-parallax/assets/img/woman.png]
[retrina.com/demo/arshia/pilling-parallax/assets/img/woman-avator.png]
[retrina.com/demo/arshia/pilling-parallax/assets/img/blog-10.jpg]
[retrina.com/demo/arshia/pilling-parallax/assets/img/blog-11.jpg]
[retrina.com/demo/arshia/pilling-parallax/assets/img/phone.svg]
[retrina.com/demo/arshia/pilling-parallax/assets/img/location.svg]
[retrina.com/demo/arshia/pilling-parallax/assets/img/send.svg]
[retrina.com/cdn-cgi/scripts/5c5dd728/cloudflare-static/email-decode.min.js]
[retrina.com/demo/arshia/pilling-parallax/assets/js/jquery-3.4.1.min.js]
[retrina.com/demo/arshia/pilling-parallax/assets/js/plugins.js]
[retrina.com/demo/arshia/pilling-parallax/flat-colorfull.html]
[retrina.com/demo/arshia/pilling-parallax/assets/js/arshia.js]
[retrina.com/demo/arshia/pilling-parallax/assets/fonts/LineIcons5594.eot]
[retrina.com/demo/arshia/pilling-parallax/assets/fonts/LineIcons5594.ttf]
[retrina.com/demo/arshia/pilling-parallax/assets/fonts/LineIcons5594.woff]
[retrina.com/demo/arshia/pilling-parallax/assets/fonts/LineIcons5594.svg]
[retrina.com/demo/arshia/pilling-parallax/assets/css/owl.video.play.png]
[retrina.com/demo/arshia/pilling-parallax/assets/fonts/fontawesome-webfont3e6e.eot]
[retrina.com/demo/arshia/pilling-parallax/assets/fonts/fontawesome-webfontd41d.eot]
[retrina.com/demo/arshia/pilling-parallax/assets/fonts/fontawesome-webfont3e6e.woff2]
[retrina.com/demo/arshia/pilling-parallax/assets/fonts/fontawesome-webfont3e6e.woff]
[retrina.com/demo/arshia/pilling-parallax/assets/fonts/fontawesome-webfont3e6e.ttf]
[retrina.com/demo/arshia/pilling-parallax/assets/css/plugins.css]
[retrina.com/demo/arshia/pilling-parallax/assets/css/color/green-color.css]
[retrina.com/demo/arshia/pilling-parallax/assets/fonts/fontawesome-webfont3e6e.svg]
[retrina.com/demo/arshia/pilling-parallax/assets/img/cursor-white.png]
[retrina.com/demo/arshia/pilling-parallax/assets/img/slider-01.jpg]
[retrina.com/demo/arshia/pilling-parallax/assets/img/slider-02.jpg]
[retrina.com/demo/arshia/pilling-parallax/assets/img/slider-03.jpg]
[retrina.com/demo/arshia/pilling-parallax/assets/img/hero-04.jpg]
[retrina.com/demo/arshia/pilling-parallax/assets/img/snow-bg.jpg]
[retrina.com/demo/arshia/pilling-parallax/assets/css/main.css]
[retrina.com/demo/arshia/pilling-parallax/assets/css/color/colorfull-main.css]
[retrina.com/demo/arshia/pilling-parallax/assets/img/folder.svg]
[retrina.com/demo/arshia/pilling-parallax/assets/img/project.svg]
[retrina.com/demo/arshia/pilling-parallax/assets/img/medal.svg]
[retrina.com/demo/arshia/pilling-parallax/assets/img/happy.svg]
[retrina.com/demo/arshia/pilling-parallax/assets/img/idea.svg]
[retrina.com/demo/arshia/pilling-parallax/assets/img/support.svg]
[retrina.com/demo/arshia/pilling-parallax/assets/img/responsive-design.svg]
[retrina.com/demo/arshia/pilling-parallax/assets/img/unlimited.svg]
[retrina.com/demo/arshia/pilling-parallax/assets/img/premium-service.svg]
[retrina.com/demo/arshia/pilling-parallax/assets/img/phone.svg]
[retrina.com/demo/arshia/pilling-parallax/assets/img/location.svg]
[retrina.com/demo/arshia/pilling-parallax/assets/img/send.svg]
[retrina.com/demo/arshia/pilling-parallax/assets/img/home-bg-2.jpg]
[retrina.com/demo/arshia/pilling-parallax/assets/fonts/LineIcons5594.svg]
[retrina.com/demo/arshia/pilling-parallax/assets/css/owl.video.play.html]
[retrina.com/demo/arshia/pilling-parallax/assets/fonts/fontawesome-webfont3e6e.svg]
